// Jest Snapshot v1, https://goo.gl/fbAQLP

exports[`encrypted secrets encrypt_field_bytea_to_text 1`] = `"value-there-and-back"`;

exports[`encrypted secrets encrypt_field_pgp_get 1`] = `"my-secret"`;

exports[`encrypted secrets encrypt_field_set 1`] = `
{
  "data": [
    109,
    121,
    118,
    97,
    108,
    117,
    101,
  ],
  "type": "Buffer",
}
`;

exports[`encrypted secrets secrets_getter 1`] = `"my-secret"`;

exports[`encrypted secrets secrets_upsert 1`] = `true`;

exports[`encrypted secrets secrets_upsert 2`] = `true`;

exports[`encrypted secrets secrets_verify 1`] = `true`;
