// Jest Snapshot v1, https://goo.gl/fbAQLP

exports[`encrypted secrets table should have secrets_table with correct structure 1`] = `
{
  "columns": [
    {
      "column_default": "uuid_generate_v4()",
      "column_name": "id",
      "data_type": "uuid",
      "is_nullable": "NO",
    },
    {
      "column_default": null,
      "column_name": "secrets_owned_field",
      "data_type": "uuid",
      "is_nullable": "NO",
    },
    {
      "column_default": null,
      "column_name": "name",
      "data_type": "text",
      "is_nullable": "NO",
    },
    {
      "column_default": null,
      "column_name": "secrets_value_field",
      "data_type": "bytea",
      "is_nullable": "YES",
    },
    {
      "column_default": null,
      "column_name": "secrets_enc_field",
      "data_type": "text",
      "is_nullable": "YES",
    },
  ],
}
`;
