// Jest Snapshot v1, https://jestjs.io/docs/snapshot-testing

exports[`geography.graphql matches snapshot 1`] = `
{
  "data": {
    "allGisDebugs": {
      "nodes": [],
    },
  },
}
`;

exports[`geometry.graphql matches snapshot 1`] = `
{
  "data": {
    "allGisDebugs": {
      "nodes": [],
    },
  },
}
`;
