// Jest Snapshot v1, https://jestjs.io/docs/snapshot-testing

exports[`geography.graphql 1`] = `
{
  "errors": [
    {
      "locations": [
        {
          "column": 5,
          "line": 3,
        },
      ],
      "message": "Unknown argument "filter" on field "Query.allGisDebugs". Did you mean "after"?",
    },
  ],
}
`;

exports[`geometry.graphql 1`] = `
{
  "errors": [
    {
      "locations": [
        {
          "column": 5,
          "line": 3,
        },
      ],
      "message": "Unknown argument "filter" on field "Query.allGisDebugs". Did you mean "after"?",
    },
  ],
}
`;
