// Jest Snapshot v1, https://goo.gl/fbAQLP

exports[`individual 1`] = `
Object {
  "data": Object {
    "_meta": Object {
      "tables": Array [
        Object {
          "foreignKeyConstraints": Array [
            Object {
              "name": "permission_assignment_perm_id_fkey",
            },
            Object {
              "name": "permission_assignment_role_id_fkey",
            },
          ],
          "name": "PermissionAssignment",
          "primaryKeyConstraints": Array [
            Object {
              "name": "permission_assignment_pkey",
            },
          ],
          "uniqueConstraints": Array [],
        },
        Object {
          "foreignKeyConstraints": Array [],
          "name": "Permission",
          "primaryKeyConstraints": Array [
            Object {
              "name": "permissions_pkey",
            },
          ],
          "uniqueConstraints": Array [],
        },
        Object {
          "foreignKeyConstraints": Array [
            Object {
              "name": "roles_org_id_fkey",
            },
          ],
          "name": "Role",
          "primaryKeyConstraints": Array [
            Object {
              "name": "roles_pkey",
            },
          ],
          "uniqueConstraints": Array [],
        },
        Object {
          "foreignKeyConstraints": Array [
            Object {
              "name": "subject_assignment_subj_id_fkey",
            },
            Object {
              "name": "subject_assignment_role_id_fkey",
            },
          ],
          "name": "SubjectAssignment",
          "primaryKeyConstraints": Array [
            Object {
              "name": "subject_assignment_pkey",
            },
          ],
          "uniqueConstraints": Array [],
        },
        Object {
          "foreignKeyConstraints": Array [
            Object {
              "name": "user_settings_user_id_fkey",
            },
          ],
          "name": "UserSetting",
          "primaryKeyConstraints": Array [
            Object {
              "name": "user_settings_pkey",
            },
          ],
          "uniqueConstraints": Array [],
        },
        Object {
          "foreignKeyConstraints": Array [],
          "name": "User",
          "primaryKeyConstraints": Array [
            Object {
              "name": "users_pkey",
            },
          ],
          "uniqueConstraints": Array [
            Object {
              "name": "users_username_key",
            },
          ],
        },
        Object {
          "foreignKeyConstraints": Array [],
          "name": "Postcode",
          "primaryKeyConstraints": Array [
            Object {
              "name": "zip_codes_pkey",
            },
          ],
          "uniqueConstraints": Array [],
        },
      ],
    },
  },
}
`;

exports[`union 1`] = `
Object {
  "data": Object {
    "_meta": Object {
      "tables": Array [
        Object {
          "constraints": Array [
            Object {
              "fields": Array [
                Object {
                  "name": "permId",
                },
              ],
              "refFields": Array [
                Object {
                  "name": "id",
                },
              ],
              "refTable": Object {
                "fields": Array [
                  Object {
                    "name": "id",
                  },
                  Object {
                    "name": "name",
                  },
                ],
                "name": "Permission",
              },
            },
            Object {
              "__typename": "MetaschemaPrimaryKeyConstraint",
              "fields": Array [
                Object {
                  "name": "permId",
                  "type": Object {
                    "name": "int8",
                  },
                },
                Object {
                  "name": "roleId",
                  "type": Object {
                    "name": "int8",
                  },
                },
              ],
              "name": "permission_assignment_pkey",
            },
            Object {
              "fields": Array [
                Object {
                  "name": "roleId",
                },
              ],
              "refFields": Array [
                Object {
                  "name": "id",
                },
              ],
              "refTable": Object {
                "fields": Array [
                  Object {
                    "name": "id",
                  },
                  Object {
                    "name": "orgId",
                  },
                ],
                "name": "Role",
              },
            },
          ],
          "fields": Array [
            Object {
              "name": "permId",
              "type": Object {
                "name": "int8",
              },
            },
            Object {
              "name": "roleId",
              "type": Object {
                "name": "int8",
              },
            },
          ],
          "inflection": Object {
            "allRows": "allPermissionAssignments",
            "createField": "createPermissionAssignment",
            "createPayloadType": "CreatePermissionAssignmentPayload",
            "deleteByPrimaryKey": "deletePermissionAssignmentByPermIdAndRoleId",
            "deletePayloadType": "DeletePermissionAssignmentPayload",
            "tableFieldName": "permissionAssignment",
            "tableType": "PermissionAssignment",
            "updateByPrimaryKey": "updatePermissionAssignmentByPermIdAndRoleId",
            "updatePayloadType": "UpdatePermissionAssignmentPayload",
          },
          "name": "PermissionAssignment",
        },
        Object {
          "constraints": Array [
            Object {
              "__typename": "MetaschemaPrimaryKeyConstraint",
              "fields": Array [
                Object {
                  "name": "id",
                  "type": Object {
                    "name": "int4",
                  },
                },
              ],
              "name": "permissions_pkey",
            },
          ],
          "fields": Array [
            Object {
              "name": "id",
              "type": Object {
                "name": "int4",
              },
            },
            Object {
              "name": "name",
              "type": Object {
                "name": "citext",
              },
            },
          ],
          "inflection": Object {
            "allRows": "allPermissions",
            "createField": "createPermission",
            "createPayloadType": "CreatePermissionPayload",
            "deleteByPrimaryKey": "deletePermissionById",
            "deletePayloadType": "DeletePermissionPayload",
            "tableFieldName": "permission",
            "tableType": "Permission",
            "updateByPrimaryKey": "updatePermissionById",
            "updatePayloadType": "UpdatePermissionPayload",
          },
          "name": "Permission",
        },
        Object {
          "constraints": Array [
            Object {
              "__typename": "MetaschemaPrimaryKeyConstraint",
              "fields": Array [
                Object {
                  "name": "id",
                  "type": Object {
                    "name": "int4",
                  },
                },
              ],
              "name": "roles_pkey",
            },
            Object {
              "fields": Array [
                Object {
                  "name": "orgId",
                },
              ],
              "refFields": Array [
                Object {
                  "name": "id",
                },
              ],
              "refTable": Object {
                "fields": Array [
                  Object {
                    "name": "id",
                  },
                  Object {
                    "name": "username",
                  },
                ],
                "name": "User",
              },
            },
          ],
          "fields": Array [
            Object {
              "name": "id",
              "type": Object {
                "name": "int4",
              },
            },
            Object {
              "name": "orgId",
              "type": Object {
                "name": "int8",
              },
            },
          ],
          "inflection": Object {
            "allRows": "allRoles",
            "createField": "createRole",
            "createPayloadType": "CreateRolePayload",
            "deleteByPrimaryKey": "deleteRoleById",
            "deletePayloadType": "DeleteRolePayload",
            "tableFieldName": "role",
            "tableType": "Role",
            "updateByPrimaryKey": "updateRoleById",
            "updatePayloadType": "UpdateRolePayload",
          },
          "name": "Role",
        },
        Object {
          "constraints": Array [
            Object {
              "fields": Array [
                Object {
                  "name": "subjId",
                },
              ],
              "refFields": Array [
                Object {
                  "name": "id",
                },
              ],
              "refTable": Object {
                "fields": Array [
                  Object {
                    "name": "id",
                  },
                  Object {
                    "name": "username",
                  },
                ],
                "name": "User",
              },
            },
            Object {
              "__typename": "MetaschemaPrimaryKeyConstraint",
              "fields": Array [
                Object {
                  "name": "subjId",
                  "type": Object {
                    "name": "int8",
                  },
                },
                Object {
                  "name": "roleId",
                  "type": Object {
                    "name": "int8",
                  },
                },
              ],
              "name": "subject_assignment_pkey",
            },
            Object {
              "fields": Array [
                Object {
                  "name": "roleId",
                },
              ],
              "refFields": Array [
                Object {
                  "name": "id",
                },
              ],
              "refTable": Object {
                "fields": Array [
                  Object {
                    "name": "id",
                  },
                  Object {
                    "name": "orgId",
                  },
                ],
                "name": "Role",
              },
            },
          ],
          "fields": Array [
            Object {
              "name": "subjId",
              "type": Object {
                "name": "int8",
              },
            },
            Object {
              "name": "roleId",
              "type": Object {
                "name": "int8",
              },
            },
          ],
          "inflection": Object {
            "allRows": "allSubjectAssignments",
            "createField": "createSubjectAssignment",
            "createPayloadType": "CreateSubjectAssignmentPayload",
            "deleteByPrimaryKey": "deleteSubjectAssignmentBySubjIdAndRoleId",
            "deletePayloadType": "DeleteSubjectAssignmentPayload",
            "tableFieldName": "subjectAssignment",
            "tableType": "SubjectAssignment",
            "updateByPrimaryKey": "updateSubjectAssignmentBySubjIdAndRoleId",
            "updatePayloadType": "UpdateSubjectAssignmentPayload",
          },
          "name": "SubjectAssignment",
        },
        Object {
          "constraints": Array [
            Object {
              "__typename": "MetaschemaPrimaryKeyConstraint",
              "fields": Array [
                Object {
                  "name": "userId",
                  "type": Object {
                    "name": "int8",
                  },
                },
              ],
              "name": "user_settings_pkey",
            },
            Object {
              "fields": Array [
                Object {
                  "name": "userId",
                },
              ],
              "refFields": Array [
                Object {
                  "name": "id",
                },
              ],
              "refTable": Object {
                "fields": Array [
                  Object {
                    "name": "id",
                  },
                  Object {
                    "name": "username",
                  },
                ],
                "name": "User",
              },
            },
          ],
          "fields": Array [
            Object {
              "name": "userId",
              "type": Object {
                "name": "int8",
              },
            },
            Object {
              "name": "setting1",
              "type": Object {
                "name": "text",
              },
            },
          ],
          "inflection": Object {
            "allRows": "allUserSettings",
            "createField": "createUserSetting",
            "createPayloadType": "CreateUserSettingPayload",
            "deleteByPrimaryKey": "deleteUserSettingByUserId",
            "deletePayloadType": "DeleteUserSettingPayload",
            "tableFieldName": "userSetting",
            "tableType": "UserSetting",
            "updateByPrimaryKey": "updateUserSettingByUserId",
            "updatePayloadType": "UpdateUserSettingPayload",
          },
          "name": "UserSetting",
        },
        Object {
          "constraints": Array [
            Object {
              "__typename": "MetaschemaPrimaryKeyConstraint",
              "fields": Array [
                Object {
                  "name": "id",
                  "type": Object {
                    "name": "int4",
                  },
                },
              ],
              "name": "users_pkey",
            },
            Object {
              "__typename": "MetaschemaUniqueConstraint",
              "fields": Array [
                Object {
                  "name": "username",
                  "type": Object {
                    "name": "citext",
                  },
                },
              ],
              "name": "users_username_key",
            },
          ],
          "fields": Array [
            Object {
              "name": "id",
              "type": Object {
                "name": "int4",
              },
            },
            Object {
              "name": "username",
              "type": Object {
                "name": "citext",
              },
            },
          ],
          "inflection": Object {
            "allRows": "allUsers",
            "createField": "createUser",
            "createPayloadType": "CreateUserPayload",
            "deleteByPrimaryKey": "deleteUserById",
            "deletePayloadType": "DeleteUserPayload",
            "tableFieldName": "user",
            "tableType": "User",
            "updateByPrimaryKey": "updateUserById",
            "updatePayloadType": "UpdateUserPayload",
          },
          "name": "User",
        },
        Object {
          "constraints": Array [
            Object {
              "__typename": "MetaschemaPrimaryKeyConstraint",
              "fields": Array [
                Object {
                  "name": "id",
                  "type": Object {
                    "name": "int4",
                  },
                },
              ],
              "name": "zip_codes_pkey",
            },
          ],
          "fields": Array [
            Object {
              "name": "id",
              "type": Object {
                "name": "int4",
              },
            },
            Object {
              "name": "zipCode",
              "type": Object {
                "name": "int4",
              },
            },
            Object {
              "name": "location",
              "type": Object {
                "name": "text",
              },
            },
          ],
          "inflection": Object {
            "allRows": "allPostcodes",
            "createField": "createPostcode",
            "createPayloadType": "CreatePostcodePayload",
            "deleteByPrimaryKey": "deletePostcodeById",
            "deletePayloadType": "DeletePostcodePayload",
            "tableFieldName": "postcode",
            "tableType": "Postcode",
            "updateByPrimaryKey": "updatePostcodeById",
            "updatePayloadType": "UpdatePostcodePayload",
          },
          "name": "Postcode",
        },
      ],
    },
  },
}
`;
