// Jest Snapshot v1, https://goo.gl/fbAQLP

exports[`works 1`] = `
Object {
  "data": Object {
    "allProjects": Object {
      "nodes": Array [
        Object {
          "description": "project one",
          "id": "[ID]",
          "localeStrings": Object {
            "description": "proyecto uno",
            "langCode": "es",
            "name": "proj 1",
          },
          "name": "Proj1",
        },
        Object {
          "description": "project two",
          "id": "[ID]",
          "localeStrings": Object {
            "description": "proyecto dos",
            "langCode": "es",
            "name": "proj 2",
          },
          "name": "Proj2",
        },
        Object {
          "description": "project three",
          "id": "[ID]",
          "localeStrings": Object {
            "description": "proyecto tres",
            "langCode": "es",
            "name": "proj 3",
          },
          "name": "Proj3",
        },
      ],
    },
  },
}
`;
