// Jest Snapshot v1, https://goo.gl/fbAQLP

exports[`scheduled jobs schedule jobs 1`] = `
Object {
  "attempts": 0,
  "database_id": "5b720132-17d5-424d-9bcb-ee7b17c13d43",
  "id": "1",
  "key": null,
  "last_error": null,
  "locked_at": null,
  "locked_by": null,
  "max_attempts": 25,
  "payload": Object {
    "just": "run it",
  },
  "priority": 0,
  "task_identifier": "my_job",
}
`;
