// Jest Snapshot v1, https://goo.gl/fbAQLP

exports[`get values 1`] = `
Object {
  "user_agent": Array [
    Object {
      "current_user_agent": "Mozilla/5.0 (Macintosh; Intel Mac OS X 10_14_3) AppleWebKit/537.36 (KHTML, like Gecko) Chrome/87.0.4280.88 Safari/537.36",
    },
  ],
}
`;

exports[`get values 2`] = `
Object {
  "ip_address": Array [
    Object {
      "current_ip_address": "127.0.0.1",
    },
  ],
}
`;

exports[`get values 3`] = `
Object {
  "database_id": Array [
    Object {
      "current_database_id": "44744c94-93cf-425a-b524-ce6f1466e327",
    },
  ],
}
`;

exports[`get values 4`] = `
Object {
  "group_ids": Array [
    Object {
      "current_group_ids": Array [
        "f12c75c2-47d5-43fd-9223-d42d08f51942",
        "d96d32b4-e819-4cb1-8a27-e27e763e0d7f",
        "c8a27b31-1d40-4f40-9cb0-e96a44e68072",
      ],
    },
  ],
}
`;

exports[`get values 5`] = `
Object {
  "user_id": Array [
    Object {
      "current_user_id": "b9d22af1-62c7-43a5-b8c4-50630bbd4962",
    },
  ],
}
`;
